OVMF/MdeModulePkg/Core/Pei/ff/PeiCore.lib
OVMF/MdePkg/Library/RegisterFilterLibNull/ff/FilterLibNull.lib
OVMF/MdePkg/Library/BasePcdLibNull/ff/BasePcdLibNull.lib
OVMF/MdePkg/Library/PeiServicesTablePointerLibIdt/ff/PeiServicesTablePointerLibIdt.lib
OVMF/MdePkg/Library/PeiMemoryAllocationLib/ff/PeiMemoryAllocationLib.lib
OVMF/MdePkg/Library/BaseLib/ff/BaseLib.lib
OVMF/MdePkg/Library/PeiHobLib/ff/PeiHobLib.lib
OVMF/MdePkg/Library/PeiServicesLib/ff/PeiServicesLib.lib
OVMF/MdePkg/Library/BaseMemoryLibRepStr/ff/BaseMemoryLibRepStr.lib
OVMF/MdePkg/Library/TdxLib/ff/TdxLib.lib
OVMF/OvmfPkg/Library/CcProbeLib/ff/SecPeiCcProbeLib.lib
OVMF/MdePkg/Library/BaseDebugPrintErrorLevelLib/ff/BaseDebugPrintErrorLevelLib.lib
OVMF/MdePkg/Library/BasePrintLib/ff/BasePrintLib.lib
OVMF/MdePkg/Library/BaseIoLibIntrinsic/ff/BaseIoLibIntrinsicSev.lib
OVMF/OvmfPkg/Library/PlatformDebugLibIoPort/ff/PlatformRomDebugLibIoPort.lib
OVMF/MdePkg/Library/BasePciCf8Lib/ff/BasePciCf8Lib.lib
OVMF/MdeModulePkg/Library/OemHookStatusCodeLibNull/ff/OemHookStatusCodeLibNull.lib
OVMF/MdePkg/Library/StackCheckLibNull/ff/StackCheckLibNull.lib
OVMF/MdePkg/Library/BasePeCoffExtraActionLibNull/ff/PeCoffExtraActionLibNull.lib
OVMF/MdePkg/Library/BaseSafeIntLib/ff/BaseSafeIntLib.lib
OVMF/MdePkg/Library/BasePciLibCf8/ff/BasePciLibCf8.lib
OVMF/MdePkg/Library/BasePeCoffGetEntryPointLib/ff/BasePeCoffGetEntryPointLib.lib
OVMF/MdeModulePkg/Library/PeiReportStatusCodeLib/ff/PeiReportStatusCodeLib.lib
OVMF/MdePkg/Library/BasePerformanceLibNull/ff/BasePerformanceLibNull.lib
OVMF/MdePkg/Library/PeiCoreEntryPoint/ff/PeiCoreEntryPoint.lib
OVMF/MdePkg/Library/BaseCacheMaintenanceLib/ff/BaseCacheMaintenanceLib.lib
OVMF/MdePkg/Library/BasePeCoffLib/ff/BasePeCoffLib.lib
OVMF/OvmfPkg/Library/AcpiTimerLib/BaseAcpiTimerLib/BaseAcpiTimerLib.lib