OVMF/MdeModulePkg/Core/Dxe/ff/CoreSectionExtraction.obj
OVMF/MdeModulePkg/Core/Dxe/ff/Image.obj
OVMF/MdeModulePkg/Core/Dxe/ff/DebugImageInfo.obj
OVMF/MdeModulePkg/Core/Dxe/ff/Stall.obj
OVMF/MdeModulePkg/Core/Dxe/ff/SetWatchdogTimer.obj
OVMF/MdeModulePkg/Core/Dxe/ff/InstallConfigurationTable.obj
OVMF/MdeModulePkg/Core/Dxe/ff/MemoryAttributesTable.obj
OVMF/MdeModulePkg/Core/Dxe/ff/MemoryProtection.obj
OVMF/MdeModulePkg/Core/Dxe/ff/Library.obj
OVMF/MdeModulePkg/Core/Dxe/ff/DriverSupport.obj
OVMF/MdeModulePkg/Core/Dxe/ff/Notify.obj
OVMF/MdeModulePkg/Core/Dxe/ff/Locate.obj
OVMF/MdeModulePkg/Core/Dxe/ff/Handle.obj
OVMF/MdeModulePkg/Core/Dxe/ff/Gcd.obj
OVMF/MdeModulePkg/Core/Dxe/ff/Pool.obj
OVMF/MdeModulePkg/Core/Dxe/ff/Page.obj
OVMF/MdeModulePkg/Core/Dxe/ff/MemData.obj
OVMF/MdeModulePkg/Core/Dxe/ff/MemoryProfileRecord.obj
OVMF/MdeModulePkg/Core/Dxe/ff/HeapGuard.obj
OVMF/MdeModulePkg/Core/Dxe/ff/FwVolBlock.obj
OVMF/MdeModulePkg/Core/Dxe/ff/FwVolWrite.obj
OVMF/MdeModulePkg/Core/Dxe/ff/FwVolRead.obj
OVMF/MdeModulePkg/Core/Dxe/ff/FwVolAttrib.obj
OVMF/MdeModulePkg/Core/Dxe/ff/Ffs.obj
OVMF/MdeModulePkg/Core/Dxe/ff/FwVol.obj
OVMF/MdeModulePkg/Core/Dxe/ff/Tpl.obj
OVMF/MdeModulePkg/Core/Dxe/ff/Timer.obj
OVMF/MdeModulePkg/Core/Dxe/ff/Event.obj
OVMF/MdeModulePkg/Core/Dxe/ff/Dependency.obj
OVMF/MdeModulePkg/Core/Dxe/ff/Dispatcher.obj
OVMF/MdeModulePkg/Core/Dxe/ff/DxeProtocolNotify.obj
OVMF/MdeModulePkg/Core/Dxe/ff/DxeMain.obj
OVMF/MdeModulePkg/Core/Dxe/ff/AutoGen.obj