OVMF/MdeModulePkg/Core/Dxe/ff/DxeCore.lib
OVMF/OvmfPkg/Library/AmdSvsmLib/ff/AmdSvsmLib.lib
OVMF/OvmfPkg/Library/BaseMemEncryptSevLib/DxeMemEncryptSevLib/DxeMemEncryptSevLib.lib
OVMF/MdePkg/Library/TdxLib/ff/TdxLib.lib
OVMF/MdePkg/Library/RegisterFilterLibNull/ff/FilterLibNull.lib
OVMF/MdePkg/Library/BaseCpuLib/ff/BaseCpuLib.lib
OVMF/MdePkg/Library/BaseIoLibIntrinsic/ff/BaseIoLibIntrinsicSev.lib
OVMF/UefiCpuPkg/Library/BaseXApicX2ApicLib/ff/BaseXApicX2ApicLib.lib
OVMF/OvmfPkg/Library/CcExitLib/CcExitLib/CcExitLib.lib
OVMF/MdePkg/Library/BasePcdLibNull/ff/BasePcdLibNull.lib
OVMF/MdeModulePkg/Library/DxeCoreMemoryAllocationLib/ff/DxeCoreMemoryAllocationLib.lib
OVMF/MdePkg/Library/BaseLib/ff/BaseLib.lib
OVMF/MdePkg/Library/BaseCacheMaintenanceLib/ff/BaseCacheMaintenanceLib.lib
OVMF/MdePkg/Library/BaseMemoryLibRepStr/ff/BaseMemoryLibRepStr.lib
OVMF/MdePkg/Library/BaseDebugPrintErrorLevelLib/ff/BaseDebugPrintErrorLevelLib.lib
OVMF/MdePkg/Library/BasePrintLib/ff/BasePrintLib.lib
OVMF/OvmfPkg/Library/PlatformDebugLibIoPort/PlatformDebugLibIoPort/PlatformDebugLibIoPort.lib
OVMF/OvmfPkg/Library/CcProbeLib/DxeCcProbeLib/DxeCcProbeLib.lib
OVMF/MdePkg/Library/BasePciCf8Lib/ff/BasePciCf8Lib.lib
OVMF/MdePkg/Library/BasePciLibCf8/ff/BasePciLibCf8.lib
OVMF/OvmfPkg/Library/AcpiTimerLib/BaseAcpiTimerLib/BaseAcpiTimerLib.lib
OVMF/MdePkg/Library/StackCheckLibNull/ff/StackCheckLibNull.lib
OVMF/MdePkg/Library/UefiRuntimeServicesTableLib/ff/UefiRuntimeServicesTableLib.lib
OVMF/MdePkg/Library/UefiDevicePathLib/ff/UefiDevicePathLib.lib
OVMF/MdePkg/Library/UefiBootServicesTableLib/ff/UefiBootServicesTableLib.lib
OVMF/MdePkg/Library/DxeCoreEntryPoint/ff/DxeCoreEntryPoint.lib
OVMF/MdePkg/Library/BaseSafeIntLib/ff/BaseSafeIntLib.lib
OVMF/MdePkg/Library/BasePeCoffExtraActionLibNull/ff/PeCoffExtraActionLibNull.lib
OVMF/MdePkg/Library/UefiLib/ff/UefiLib.lib
OVMF/MdePkg/Library/DxeCoreHobLib/ff/DxeCoreHobLib.lib
OVMF/MdePkg/Library/BaseSynchronizationLib/ff/BaseSynchronizationLib.lib
OVMF/PcAtChipsetPkg/Library/SerialIoLib/ff/PcAtSerialPortLib.lib
OVMF/MdePkg/Library/BasePeCoffGetEntryPointLib/ff/BasePeCoffGetEntryPointLib.lib
OVMF/MdePkg/Library/BaseUefiDecompressLib/ff/BaseUefiDecompressLib.lib
OVMF/MdePkg/Library/BasePerformanceLibNull/ff/BasePerformanceLibNull.lib
OVMF/MdePkg/Library/BasePeCoffLib/ff/BasePeCoffLib.lib
OVMF/MdePkg/Library/DxeExtractGuidedSectionLib/ff/DxeExtractGuidedSectionLib.lib
OVMF/MdeModulePkg/Library/DxeReportStatusCodeLib/ff/DxeReportStatusCodeLib.lib
OVMF/MdePkg/Library/DxeServicesLib/ff/DxeServicesLib.lib
OVMF/MdeModulePkg/Library/DebugAgentLibNull/ff/DebugAgentLibNull.lib
OVMF/UefiCpuPkg/Library/CpuExceptionHandlerLib/DxeCpuExceptionHandlerLib/DxeCpuExceptionHandlerLib.lib
OVMF/MdeModulePkg/Library/ImagePropertiesRecordLib/ff/ImagePropertiesRecordLib.lib
OVMF/MdePkg/Library/BaseOrderedCollectionRedBlackTreeLib/ff/BaseOrderedCollectionRedBlackTreeLib.lib