OVMF/MdeModulePkg/Universal/Variable/RuntimeDxe/ff/VariableRuntimeDxe.lib
OVMF/MdePkg/Library/RegisterFilterLibNull/ff/FilterLibNull.lib
OVMF/MdePkg/Library/DxePcdLib/ff/DxePcdLib.lib
OVMF/MdePkg/Library/BaseMemoryLibRepStr/ff/BaseMemoryLibRepStr.lib
OVMF/MdePkg/Library/BaseLib/ff/BaseLib.lib
OVMF/MdePkg/Library/TdxLib/ff/TdxLib.lib
OVMF/MdePkg/Library/BaseDebugPrintErrorLevelLib/ff/BaseDebugPrintErrorLevelLib.lib
OVMF/MdePkg/Library/BasePrintLib/ff/BasePrintLib.lib
OVMF/MdePkg/Library/BaseIoLibIntrinsic/ff/BaseIoLibIntrinsicSev.lib
OVMF/OvmfPkg/Library/PlatformDebugLibIoPort/PlatformDebugLibIoPort/PlatformDebugLibIoPort.lib
OVMF/OvmfPkg/Library/CcProbeLib/DxeCcProbeLib/DxeCcProbeLib.lib
OVMF/MdePkg/Library/UefiBootServicesTableLib/ff/UefiBootServicesTableLib.lib
OVMF/MdePkg/Library/UefiMemoryAllocationLib/ff/UefiMemoryAllocationLib.lib
OVMF/MdePkg/Library/UefiDevicePathLibDevicePathProtocol/ff/UefiDevicePathLibDevicePathProtocol.lib
OVMF/MdePkg/Library/UefiRuntimeServicesTableLib/ff/UefiRuntimeServicesTableLib.lib
OVMF/MdePkg/Library/BasePciCf8Lib/ff/BasePciCf8Lib.lib
OVMF/MdePkg/Library/UefiLib/ff/UefiLib.lib
OVMF/MdePkg/Library/BasePciLibCf8/ff/BasePciLibCf8.lib
OVMF/MdePkg/Library/DxeHobLib/ff/DxeHobLib.lib
OVMF/OvmfPkg/Library/AcpiTimerLib/DxeAcpiTimerLib/DxeAcpiTimerLib.lib
OVMF/MdePkg/Library/StackCheckLibNull/ff/StackCheckLibNull.lib
OVMF/MdePkg/Library/BaseSafeIntLib/ff/BaseSafeIntLib.lib
OVMF/MdePkg/Library/BaseSynchronizationLib/ff/BaseSynchronizationLib.lib
OVMF/MdePkg/Library/UefiRuntimeLib/ff/UefiRuntimeLib.lib
OVMF/MdePkg/Library/DxeServicesTableLib/ff/DxeServicesTableLib.lib
OVMF/MdePkg/Library/UefiDriverEntryPoint/ff/UefiDriverEntryPoint.lib
OVMF/SecurityPkg/Library/DxeTpmMeasurementLib/ff/DxeTpmMeasurementLib.lib
OVMF/MdeModulePkg/Library/AuthVariableLibNull/ff/AuthVariableLibNull.lib
OVMF/MdeModulePkg/Library/VarCheckLib/ff/VarCheckLib.lib
OVMF/MdeModulePkg/Library/BaseVariableFlashInfoLib/ff/BaseVariableFlashInfoLib.lib
OVMF/MdeModulePkg/Library/VariablePolicyLib/ff/VariablePolicyLibRuntimeDxe.lib
OVMF/MdeModulePkg/Library/VariablePolicyHelperLib/ff/VariablePolicyHelperLib.lib