OVMF/MdeModulePkg/Universal/BdsDxe/ff/BdsDxe.lib
OVMF/MdePkg/Library/RegisterFilterLibNull/ff/FilterLibNull.lib
OVMF/MdePkg/Library/DxePcdLib/ff/DxePcdLib.lib
OVMF/MdePkg/Library/BaseMemoryLibRepStr/ff/BaseMemoryLibRepStr.lib
OVMF/MdePkg/Library/BaseLib/ff/BaseLib.lib
OVMF/MdePkg/Library/TdxLib/ff/TdxLib.lib
OVMF/MdePkg/Library/BaseDebugPrintErrorLevelLib/ff/BaseDebugPrintErrorLevelLib.lib
OVMF/MdePkg/Library/BaseIoLibIntrinsic/ff/BaseIoLibIntrinsicSev.lib
OVMF/MdePkg/Library/BasePrintLib/ff/BasePrintLib.lib
OVMF/OvmfPkg/Library/PlatformDebugLibIoPort/PlatformDebugLibIoPort/PlatformDebugLibIoPort.lib
OVMF/OvmfPkg/Library/CcProbeLib/DxeCcProbeLib/DxeCcProbeLib.lib
OVMF/MdePkg/Library/UefiBootServicesTableLib/ff/UefiBootServicesTableLib.lib
OVMF/MdePkg/Library/UefiMemoryAllocationLib/ff/UefiMemoryAllocationLib.lib
OVMF/MdePkg/Library/UefiRuntimeServicesTableLib/ff/UefiRuntimeServicesTableLib.lib
OVMF/MdePkg/Library/UefiDevicePathLibDevicePathProtocol/ff/UefiDevicePathLibDevicePathProtocol.lib
OVMF/MdePkg/Library/UefiLib/ff/UefiLib.lib
OVMF/MdeModulePkg/Library/UefiHiiServicesLib/ff/UefiHiiServicesLib.lib
OVMF/MdePkg/Library/DxeHobLib/ff/DxeHobLib.lib
OVMF/MdeModulePkg/Library/UefiSortLib/ff/UefiSortLib.lib
OVMF/MdeModulePkg/Library/UefiHiiLib/ff/UefiHiiLib.lib
OVMF/MdePkg/Library/DxeServicesLib/ff/DxeServicesLib.lib
OVMF/MdePkg/Library/DxeServicesTableLib/ff/DxeServicesTableLib.lib
OVMF/MdePkg/Library/BasePeCoffGetEntryPointLib/ff/BasePeCoffGetEntryPointLib.lib
OVMF/MdePkg/Library/BasePerformanceLibNull/ff/BasePerformanceLibNull.lib
OVMF/MdeModulePkg/Library/VariablePolicyHelperLib/ff/VariablePolicyHelperLib.lib
OVMF/MdeModulePkg/Library/DxeReportStatusCodeLib/ff/DxeReportStatusCodeLib.lib
OVMF/OvmfPkg/Library/QemuFwCfgLib/ff/QemuFwCfgDxeLib.lib
OVMF/MdePkg/Library/BaseOrderedCollectionRedBlackTreeLib/ff/BaseOrderedCollectionRedBlackTreeLib.lib
OVMF/MdeModulePkg/Library/UefiBootManagerLib/ff/UefiBootManagerLib.lib
OVMF/OvmfPkg/Library/LoadLinuxLib/ff/LoadLinuxLib.lib
OVMF/OvmfPkg/Library/QemuFwCfgSimpleParserLib/ff/QemuFwCfgSimpleParserLib.lib
OVMF/OvmfPkg/Library/SerializeVariablesLib/ff/DxeSerializeVariablesLib.lib
OVMF/MdePkg/Library/UefiFileHandleLib/ff/UefiFileHandleLib.lib
OVMF/MdePkg/Library/BasePciCf8Lib/ff/BasePciCf8Lib.lib
OVMF/MdePkg/Library/StackCheckLibNull/ff/StackCheckLibNull.lib
OVMF/OvmfPkg/Library/PlatformBootManagerCommonLib/ff/PlatformBootManagerCommonLib.lib
OVMF/OvmfPkg/Library/XenPlatformLib/ff/XenPlatformLib.lib
OVMF/OvmfPkg/Library/Tcg2PhysicalPresenceLibNull/ff/DxeTcg2PhysicalPresenceLibNull.lib
OVMF/OvmfPkg/Library/PlatformBmPrintScLib/ff/PlatformBmPrintScLib.lib
OVMF/OvmfPkg/Library/QemuBootOrderLib/ff/QemuBootOrderLib.lib
OVMF/OvmfPkg/Library/X86QemuLoadImageLib/ff/X86QemuLoadImageLib.lib
OVMF/OvmfPkg/Library/QemuFwCfgS3Lib/ff/DxeQemuFwCfgS3LibFwCfg.lib
OVMF/OvmfPkg/Library/NvVarsFileLib/ff/NvVarsFileLib.lib
OVMF/MdePkg/Library/BasePciLibCf8/ff/BasePciLibCf8.lib
OVMF/MdeModulePkg/Library/BootLogoLib/ff/BootLogoLib.lib
OVMF/MdePkg/Library/UefiDriverEntryPoint/ff/UefiDriverEntryPoint.lib
OVMF/OvmfPkg/Library/PlatformBootManagerLib/ff/PlatformBootManagerLib.lib