OVMF/OvmfPkg/IoMmuDxe/ff/IoMmuDxe.lib
OVMF/UefiCpuPkg/Library/BaseXApicX2ApicLib/ff/BaseXApicX2ApicLib.lib
OVMF/OvmfPkg/Library/AmdSvsmLib/ff/AmdSvsmLib.lib
OVMF/OvmfPkg/Library/CcExitLib/CcExitLib/CcExitLib.lib
OVMF/MdePkg/Library/BaseCpuLib/ff/BaseCpuLib.lib
OVMF/MdePkg/Library/BaseCacheMaintenanceLib/ff/BaseCacheMaintenanceLib.lib
OVMF/MdePkg/Library/TdxLib/ff/TdxLib.lib
OVMF/MdePkg/Library/RegisterFilterLibNull/ff/FilterLibNull.lib
OVMF/MdePkg/Library/BaseIoLibIntrinsic/ff/BaseIoLibIntrinsicSev.lib
OVMF/MdePkg/Library/DxePcdLib/ff/DxePcdLib.lib
OVMF/MdePkg/Library/UefiMemoryAllocationLib/ff/UefiMemoryAllocationLib.lib
OVMF/OvmfPkg/Library/BaseMemEncryptSevLib/DxeMemEncryptSevLib/DxeMemEncryptSevLib.lib
OVMF/MdePkg/Library/BaseMemoryLibRepStr/ff/BaseMemoryLibRepStr.lib
OVMF/MdePkg/Library/BaseLib/ff/BaseLib.lib
OVMF/MdePkg/Library/BaseDebugPrintErrorLevelLib/ff/BaseDebugPrintErrorLevelLib.lib
OVMF/MdePkg/Library/BasePrintLib/ff/BasePrintLib.lib
OVMF/OvmfPkg/Library/PlatformDebugLibIoPort/PlatformDebugLibIoPort/PlatformDebugLibIoPort.lib
OVMF/OvmfPkg/Library/CcProbeLib/DxeCcProbeLib/DxeCcProbeLib.lib
OVMF/MdePkg/Library/UefiBootServicesTableLib/ff/UefiBootServicesTableLib.lib
OVMF/MdePkg/Library/UefiRuntimeServicesTableLib/ff/UefiRuntimeServicesTableLib.lib
OVMF/MdePkg/Library/UefiDevicePathLibDevicePathProtocol/ff/UefiDevicePathLibDevicePathProtocol.lib
OVMF/MdePkg/Library/UefiLib/ff/UefiLib.lib
OVMF/MdePkg/Library/BasePciCf8Lib/ff/BasePciCf8Lib.lib
OVMF/MdePkg/Library/DxeHobLib/ff/DxeHobLib.lib
OVMF/MdePkg/Library/BasePciLibCf8/ff/BasePciLibCf8.lib
OVMF/OvmfPkg/Library/AcpiTimerLib/DxeAcpiTimerLib/DxeAcpiTimerLib.lib
OVMF/MdePkg/Library/StackCheckLibNull/ff/StackCheckLibNull.lib
OVMF/OvmfPkg/Library/BaseMemEncryptTdxLib/ff/MemEncryptTdxLib.lib
OVMF/MdePkg/Library/BaseSynchronizationLib/ff/BaseSynchronizationLib.lib
OVMF/MdePkg/Library/UefiDriverEntryPoint/ff/UefiDriverEntryPoint.lib