Archive member included to satisfy reference by file (symbol)

OVMF/MdeModulePkg/Universal/Disk/UnicodeCollation/EnglishDxe/ff/EnglishDxe.lib(UnicodeCollationEng.obj)
                              (--whole-archive)
OVMF/MdeModulePkg/Universal/Disk/UnicodeCollation/EnglishDxe/ff/EnglishDxe.lib(AutoGen.obj)
                              (--whole-archive)
OVMF/MdePkg/Library/RegisterFilterLibNull/ff/FilterLibNull.lib(RegisterFilterLibNull.obj)
                              (--whole-archive)
OVMF/MdePkg/Library/BaseLib/ff/BaseLib.lib(CheckSum.obj)
                              (--whole-archive)
OVMF/MdePkg/Library/BaseLib/ff/BaseLib.lib(SwitchStack.obj)
                              (--whole-archive)
OVMF/MdePkg/Library/BaseLib/ff/BaseLib.lib(SwapBytes64.obj)
                              (--whole-archive)
OVMF/MdePkg/Library/BaseLib/ff/BaseLib.lib(SwapBytes32.obj)
                              (--whole-archive)
OVMF/MdePkg/Library/BaseLib/ff/BaseLib.lib(SwapBytes16.obj)
                              (--whole-archive)
OVMF/MdePkg/Library/BaseLib/ff/BaseLib.lib(LongJump.obj)
                              (--whole-archive)
OVMF/MdePkg/Library/BaseLib/ff/BaseLib.lib(SetJump.obj)
                              (--whole-archive)
OVMF/MdePkg/Library/BaseLib/ff/BaseLib.lib(QuickSort.obj)
                              (--whole-archive)
OVMF/MdePkg/Library/BaseLib/ff/BaseLib.lib(RShiftU64.obj)
                              (--whole-archive)
OVMF/MdePkg/Library/BaseLib/ff/BaseLib.lib(RRotU64.obj)
                              (--whole-archive)
OVMF/MdePkg/Library/BaseLib/ff/BaseLib.lib(RRotU32.obj)
                              (--whole-archive)
OVMF/MdePkg/Library/BaseLib/ff/BaseLib.lib(MultU64x64.obj)
                              (--whole-archive)
OVMF/MdePkg/Library/BaseLib/ff/BaseLib.lib(MultU64x32.obj)
                              (--whole-archive)
OVMF/MdePkg/Library/BaseLib/ff/BaseLib.lib(MultS64x64.obj)
                              (--whole-archive)
OVMF/MdePkg/Library/BaseLib/ff/BaseLib.lib(ModU64x32.obj)
                              (--whole-archive)
OVMF/MdePkg/Library/BaseLib/ff/BaseLib.lib(LShiftU64.obj)
                              (--whole-archive)
OVMF/MdePkg/Library/BaseLib/ff/BaseLib.lib(LRotU64.obj)
                              (--whole-archive)
OVMF/MdePkg/Library/BaseLib/ff/BaseLib.lib(LRotU32.obj)
                              (--whole-archive)
OVMF/MdePkg/Library/BaseLib/ff/BaseLib.lib(LowBitSet64.obj)
                              (--whole-archive)
OVMF/MdePkg/Library/BaseLib/ff/BaseLib.lib(LowBitSet32.obj)
                              (--whole-archive)
OVMF/MdePkg/Library/BaseLib/ff/BaseLib.lib(HighBitSet64.obj)
                              (--whole-archive)
OVMF/MdePkg/Library/BaseLib/ff/BaseLib.lib(HighBitSet32.obj)
                              (--whole-archive)
OVMF/MdePkg/Library/BaseLib/ff/BaseLib.lib(GetPowerOfTwo64.obj)
                              (--whole-archive)
OVMF/MdePkg/Library/BaseLib/ff/BaseLib.lib(GetPowerOfTwo32.obj)
                              (--whole-archive)
OVMF/MdePkg/Library/BaseLib/ff/BaseLib.lib(DivU64x64Remainder.obj)
                              (--whole-archive)
OVMF/MdePkg/Library/BaseLib/ff/BaseLib.lib(DivU64x32Remainder.obj)
                              (--whole-archive)
OVMF/MdePkg/Library/BaseLib/ff/BaseLib.lib(DivU64x32.obj)
                              (--whole-archive)
OVMF/MdePkg/Library/BaseLib/ff/BaseLib.lib(DivS64x64Remainder.obj)
                              (--whole-archive)
OVMF/MdePkg/Library/BaseLib/ff/BaseLib.lib(ARShiftU64.obj)
                              (--whole-archive)
OVMF/MdePkg/Library/BaseLib/ff/BaseLib.lib(BitField.obj)
                              (--whole-archive)
OVMF/MdePkg/Library/BaseLib/ff/BaseLib.lib(CpuDeadLoop.obj)
                              (--whole-archive)
OVMF/MdePkg/Library/BaseLib/ff/BaseLib.lib(Cpu.obj)
                              (--whole-archive)
OVMF/MdePkg/Library/BaseLib/ff/BaseLib.lib(LinkedList.obj)
                              (--whole-archive)
OVMF/MdePkg/Library/BaseLib/ff/BaseLib.lib(SafeString.obj)
                              (--whole-archive)
OVMF/MdePkg/Library/BaseLib/ff/BaseLib.lib(String.obj)
                              (--whole-archive)
OVMF/MdePkg/Library/BaseLib/ff/BaseLib.lib(FilePaths.obj)
                              (--whole-archive)
OVMF/MdePkg/Library/BaseLib/ff/BaseLib.lib(Thunk16.obj)
                              (--whole-archive)
OVMF/MdePkg/Library/BaseLib/ff/BaseLib.lib(CpuIdEx.obj)
                              (--whole-archive)
OVMF/MdePkg/Library/BaseLib/ff/BaseLib.lib(CpuId.obj)
                              (--whole-archive)
OVMF/MdePkg/Library/BaseLib/ff/BaseLib.lib(LongJump.obj)
                              (--whole-archive)
OVMF/MdePkg/Library/BaseLib/ff/BaseLib.lib(SetJump.obj)
                              (--whole-archive)
OVMF/MdePkg/Library/BaseLib/ff/BaseLib.lib(SwitchStack.obj)
                              (--whole-archive)
[...]
Memory Configuration

Name             Origin             Length             Attributes
*default*        0x0000000000000000 0xffffffffffffffff

Linker script and memory map

START GROUP
LOAD /tmp/ccBndPkz.ltrans0.ltrans.o
LOAD /tmp/ccxfBaSQ.debug.temp.o
LOAD /tmp/ccujwFlx.debug.temp.o
LOAD /tmp/cc82II9o.debug.temp.o
LOAD /tmp/cczhQAj1.debug.temp.o
LOAD /tmp/ccldDrWy.debug.temp.o
LOAD /tmp/ccsVTVUo.debug.temp.o
LOAD /tmp/ccmqqEbn.debug.temp.o
LOAD /tmp/ccj035Dn.debug.temp.o
LOAD /tmp/ccAmh5gn.debug.temp.o
LOAD /tmp/cccER0Yw.debug.temp.o
LOAD /tmp/ccyoGHaM.debug.temp.o
LOAD /tmp/ccLTPwuS.debug.temp.o
LOAD /tmp/ccKSGXQJ.debug.temp.o
LOAD /tmp/ccY43Fae.debug.temp.o
LOAD /tmp/cckAZz1B.debug.temp.o
LOAD /tmp/cc9nwNlY.debug.temp.o
LOAD /tmp/ccQFwhB9.debug.temp.o
LOAD /tmp/cccyOSDk.debug.temp.o
LOAD /tmp/ccm4fjbG.debug.temp.o
LOAD /tmp/ccJyUnft.debug.temp.o
LOAD /tmp/ccLpGbFx.debug.temp.o
LOAD /tmp/ccT4M3Mu.debug.temp.o
LOAD /tmp/ccLCpAo8.debug.temp.o
LOAD /tmp/cctwVq1t.debug.temp.o
LOAD /tmp/ccShv98Y.debug.temp.o
LOAD /tmp/cc3aR2hq.debug.temp.o
LOAD /tmp/ccYmap7p.debug.temp.o
LOAD /tmp/ccEuCDyu.debug.temp.o
LOAD /tmp/ccfEq3jO.debug.temp.o
LOAD /tmp/ccO0KX7r.debug.temp.o
LOAD /tmp/cciXFl56.debug.temp.o
LOAD /tmp/cc4eXZbC.debug.temp.o
LOAD /tmp/ccjp6RRE.debug.temp.o
LOAD /tmp/ccTVzprP.debug.temp.o
LOAD /tmp/cczpj7sQ.debug.temp.o
LOAD /tmp/ccfEC1Ku.debug.temp.o
LOAD /tmp/ccd6MZgE.debug.temp.o
LOAD /tmp/ccA2tpbQ.debug.temp.o
LOAD /tmp/ccgOwlIy.debug.temp.o
LOAD /tmp/ccfbug8F.debug.temp.o
LOAD /tmp/ccnRd0o2.debug.temp.o
LOAD /tmp/ccyfv3XU.debug.temp.o
LOAD /tmp/ccKlh44f.debug.temp.o
LOAD /tmp/ccrSvHl0.debug.temp.o
LOAD /tmp/ccGDtcEL.debug.temp.o
LOAD /tmp/ccF2BXlv.debug.temp.o
LOAD /tmp/ccWtlAuT.debug.temp.o
LOAD /tmp/ccdx6q2X.debug.temp.o
LOAD /tmp/ccZiazKo.debug.temp.o
LOAD /tmp/cc33Ik6d.debug.temp.o
LOAD /tmp/ccnPpYha.debug.temp.o
LOAD /tmp/ccKnPViI.debug.temp.o
LOAD /tmp/cciqoEcT.debug.temp.o
LOAD /tmp/ccRAR71m.debug.temp.o
LOAD /tmp/ccNOWYMh.debug.temp.o
LOAD /tmp/ccKVtIfD.debug.temp.o
LOAD /tmp/cckNa0Gf.debug.temp.o
LOAD /tmp/cc3nhoXO.debug.temp.o
LOAD /tmp/ccVWy5Zi.debug.temp.o
LOAD /tmp/ccfKLujH.debug.temp.o
LOAD /tmp/ccZ8SG3B.debug.temp.o
LOAD /tmp/ccb2oFm2.debug.temp.o
LOAD /tmp/ccq7vvwD.debug.temp.o
LOAD /tmp/ccdLNHKA.debug.temp.o
LOAD /tmp/ccF8vEcA.debug.temp.o
LOAD /tmp/ccYmxf9v.debug.temp.o
LOAD /tmp/ccirlSOP.debug.temp.o
LOAD /tmp/ccOkLK67.debug.temp.o
LOAD /tmp/cc2pWSgo.debug.temp.o
LOAD /tmp/ccUqEWmk.debug.temp.o
LOAD /tmp/cceMS3Bi.debug.temp.o
LOAD /tmp/ccOlZf7k.debug.temp.o
LOAD /tmp/ccoxUxEh.debug.temp.o
LOAD /tmp/cc0roeie.debug.temp.o
LOAD /tmp/ccFtHTUs.debug.temp.o
LOAD /tmp/cckeqMlq.debug.temp.o
LOAD /tmp/ccUkHHCC.debug.temp.o
LOAD /tmp/ccy3w7DX.debug.temp.o
LOAD /tmp/ccGBccRb.debug.temp.o
LOAD /tmp/ccDU9GCX.debug.temp.o
LOAD /tmp/cc0mJB0O.debug.temp.o
LOAD /tmp/cceE0M8o.debug.temp.o
LOAD /tmp/cchLAXjY.debug.temp.o
LOAD /tmp/ccbqp3xc.debug.temp.o
LOAD /tmp/ccSHYR7D.debug.temp.o
LOAD /tmp/ccdBsXqO.debug.temp.o
LOAD /tmp/ccbUuRSd.debug.temp.o
LOAD /tmp/ccSpcHyl.debug.temp.o
LOAD /tmp/ccPDKdYs.debug.temp.o
LOAD /tmp/ccd51sIX.debug.temp.o
LOAD /tmp/ccY4Mspm.debug.temp.o
LOAD /tmp/cc2btP0r.debug.temp.o
LOAD /tmp/ccp4DK0h.debug.temp.o
LOAD /tmp/ccyb9Jr1.debug.temp.o
LOAD /tmp/ccc0lcOe.debug.temp.o
LOAD OVMF/MdeModulePkg/Universal/Disk/UnicodeCollation/EnglishDxe/ff/EnglishDxe.lib
LOAD OVMF/MdePkg/Library/RegisterFilterLibNull/ff/FilterLibNull.lib
LOAD OVMF/MdePkg/Library/BaseLib/ff/BaseLib.lib
LOAD OVMF/MdePkg/Library/BaseMemoryLibRepStr/ff/BaseMemoryLibRepStr.lib
LOAD OVMF/MdePkg/Library/DxePcdLib/ff/DxePcdLib.lib
LOAD OVMF/MdePkg/Library/TdxLib/ff/TdxLib.lib
LOAD OVMF/MdePkg/Library/BaseDebugPrintErrorLevelLib/ff/BaseDebugPrintErrorLevelLib.lib
LOAD OVMF/MdePkg/Library/BasePrintLib/ff/BasePrintLib.lib
LOAD OVMF/MdePkg/Library/BaseIoLibIntrinsic/ff/BaseIoLibIntrinsicSev.lib
LOAD OVMF/OvmfPkg/Library/PlatformDebugLibIoPort/PlatformDebugLibIoPort/PlatformDebugLibIoPort.lib
LOAD OVMF/OvmfPkg/Library/CcProbeLib/DxeCcProbeLib/DxeCcProbeLib.lib
LOAD OVMF/MdePkg/Library/UefiBootServicesTableLib/ff/UefiBootServicesTableLib.lib
LOAD OVMF/MdePkg/Library/StackCheckLibNull/ff/StackCheckLibNull.lib
LOAD OVMF/MdePkg/Library/UefiDriverEntryPoint/ff/UefiDriverEntryPoint.lib
END GROUP
                0x0000000000000228                PECOFF_HEADER_SIZE = 0x228
                0x0000000000000228                . = PECOFF_HEADER_SIZE

.text           0x0000000000000240      0x48d
 *(.entry)
 *(.text .text.* .stub .gnu.linkonce.t.*)
 .text.EngStriColl
                0x0000000000000240       0xa2 /tmp/ccBndPkz.ltrans0.ltrans.o
 .text.EngStrLwr
                0x00000000000002e2       0x28 /tmp/ccBndPkz.ltrans0.ltrans.o
 .text.EngStrUpr
                0x000000000000030a       0x28 /tmp/ccBndPkz.ltrans0.ltrans.o
 .text.EngMetaiMatch
                0x0000000000000332      0x1e8 /tmp/ccBndPkz.ltrans0.ltrans.o
 .text.EngFatToStr
                0x000000000000051a       0x32 /tmp/ccBndPkz.ltrans0.ltrans.o
 .text.EngStrToFat
                0x000000000000054c       0x56 /tmp/ccBndPkz.ltrans0.ltrans.o
 .text._ModuleEntryPoint
                0x00000000000005a2      0x107 /tmp/ccBndPkz.ltrans0.ltrans.o
                0x00000000000005a2                _ModuleEntryPoint
 *(.rodata .rodata.* .gnu.linkonce.r.*)
 .rodata.str1.1
                0x00000000000006a9        0x7 /tmp/ccBndPkz.ltrans0.ltrans.o
 .rodata.mOtherChars
                0x00000000000006b0       0x1d /tmp/ccBndPkz.ltrans0.ltrans.o
 *(.got .got.*)
 .got           0x00000000000006cd        0x0 UnicodeCollationEng.obj (symbol from plugin)
 .got.plt       0x00000000000006cd        0x0 UnicodeCollationEng.obj (symbol from plugin)
 *:AutoGen.obj(.data.g*Guid)

.plt            0x00000000000006d0        0x0
 .plt           0x00000000000006d0        0x0 UnicodeCollationEng.obj (symbol from plugin)

.plt.got        0x00000000000006d0        0x0
 .plt.got       0x00000000000006d0        0x0 UnicodeCollationEng.obj (symbol from plugin)

.data           0x0000000000000700      0x3e0
 *(.data .data.* .gnu.linkonce.d.*)
 .data.rel.local.Unicode2Eng
                0x0000000000000700       0x38 /tmp/ccBndPkz.ltrans0.ltrans.o
 *fill*         0x0000000000000738        0x8 
 .data.gEfiUnicodeCollation2ProtocolGuid
                0x0000000000000740       0x10 /tmp/ccBndPkz.ltrans0.ltrans.o
 *fill*         0x0000000000000750       0x10 
 .data.rel.local.UnicodeEng
                0x0000000000000760       0x38 /tmp/ccBndPkz.ltrans0.ltrans.o
 *fill*         0x0000000000000798        0x8 
 .data.gEfiUnicodeCollationProtocolGuid
                0x00000000000007a0       0x10 /tmp/ccBndPkz.ltrans0.ltrans.o
 .data.rel.ro   0x00000000000007b0        0x0 UnicodeCollationEng.obj (symbol from plugin)
 *(.bss .bss.*)
 .bss.mCcProbeGuestType
                0x00000000000007b0        0x1 /tmp/ccBndPkz.ltrans0.ltrans.o
 .bss.mCcProbed
                0x00000000000007b1        0x1 /tmp/ccBndPkz.ltrans0.ltrans.o
 *fill*         0x00000000000007b2        0x6 
 .bss.mHandle   0x00000000000007b8        0x8 /tmp/ccBndPkz.ltrans0.ltrans.o
 .bss.gBS       0x00000000000007c0        0x8 /tmp/ccBndPkz.ltrans0.ltrans.o
 .bss.gST       0x00000000000007c8        0x8 /tmp/ccBndPkz.ltrans0.ltrans.o
 *fill*         0x00000000000007d0       0x10 
 .bss.mEngInfoMap
                0x00000000000007e0      0x100 /tmp/ccBndPkz.ltrans0.ltrans.o
 .bss.mEngLowerMap
                0x00000000000008e0      0x100 /tmp/ccBndPkz.ltrans0.ltrans.o
 .bss.mEngUpperMap
                0x00000000000009e0      0x100 /tmp/ccBndPkz.ltrans0.ltrans.o

.eh_frame       0x0000000000000b00        0x0
 *(.eh_frame)
 .eh_frame      0x0000000000000b00        0x0 UnicodeCollationEng.obj (symbol from plugin)
 .eh_frame      0x0000000000000b00        0x0 UnicodeCollationEng.obj (symbol from plugin)

.dynbss         0x0000000000000b00        0x0
 .dynbss        0x0000000000000b00        0x0 UnicodeCollationEng.obj (symbol from plugin)

.gnu.version_d  0x0000000000000b00        0x0
 .gnu.version_d
                0x0000000000000b00        0x0 UnicodeCollationEng.obj (symbol from plugin)

.gnu.version    0x0000000000000b00        0x0
 .gnu.version   0x0000000000000b00        0x0 UnicodeCollationEng.obj (symbol from plugin)

.gnu.version_r  0x0000000000000b00        0x0
 .gnu.version_r
                0x0000000000000b00        0x0 UnicodeCollationEng.obj (symbol from plugin)

.sframe         0x0000000000000b00        0x0
 .sframe        0x0000000000000b00        0x0 UnicodeCollationEng.obj (symbol from plugin)

.dynamic        0x0000000000000b00       0xc0
 *(.dynamic)
 .dynamic       0x0000000000000b00       0xc0 UnicodeCollationEng.obj (symbol from plugin)
                0x0000000000000b00                _DYNAMIC

.rela           0x0000000000000bc0      0x150
 *(.rela .rela.*)
 .rela.plt      0x0000000000000bc0        0x0 UnicodeCollationEng.obj (symbol from plugin)
 .rela.got      0x0000000000000bc0        0x0 UnicodeCollationEng.obj (symbol from plugin)
 .rela.bss      0x0000000000000bc0        0x0 UnicodeCollationEng.obj (symbol from plugin)
 .rela.data.rel.ro
                0x0000000000000bc0        0x0 UnicodeCollationEng.obj (symbol from plugin)
 .rela.ifunc    0x0000000000000bc0        0x0 UnicodeCollationEng.obj (symbol from plugin)
 .rela.data.rel.local.Unicode2Eng
                0x0000000000000bc0       0xa8 UnicodeCollationEng.obj (symbol from plugin)
 .rela.data.rel.local.UnicodeEng
                0x0000000000000c68       0xa8 UnicodeCollationEng.obj (symbol from plugin)

.hii
 *(.hii)

.got
 *(.got)
                0x0000000000000001                ASSERT ((SIZEOF (.got) == 0x0), Unexpected GOT entries detected!)

.got.plt
 *(.got.plt)
                0x0000000000000001                ASSERT ((((SIZEOF (.got.plt) == 0x0) || (SIZEOF (.got.plt) == 0xc)) || (SIZEOF (.got.plt) == 0x18)), Unexpected GOT/PLT entries detected!)

.build-id       0x0000000000000d10       0x24
 *(.note.gnu.build-id)
 .note.gnu.build-id
                0x0000000000000d10       0x24 UnicodeCollationEng.obj (symbol from plugin)

/DISCARD/
 *(.note.GNU-stack)
 *(.gnu_debuglink)
 *(.interp)
 *(.dynsym)
 *(.dynstr)
 *(.hash .gnu.hash)
 *(.comment)
OUTPUT(OVMF/MdeModulePkg/Universal/Disk/UnicodeCollation/EnglishDxe/ff/EnglishDxe.dll elf64-x86-64)

.debug_info     0x0000000000000000     0x6f2b
 .debug_info    0x0000000000000000      0x517 /tmp/ccBndPkz.ltrans0.ltrans.o
 .debug_info    0x0000000000000517     0x1aa6 /tmp/ccxfBaSQ.debug.temp.o
                0x0000000000000517                UnicodeCollationEng.c.33be838b
 .debug_info    0x0000000000001fbd     0x1a2e /tmp/ccujwFlx.debug.temp.o
                0x0000000000001fbd                AutoGen.c.929c7ed5
 .debug_info    0x00000000000039eb      0x16a /tmp/cccER0Yw.debug.temp.o
                0x00000000000039eb                SetJump.c.c54a92b5
 .debug_info    0x0000000000003b55       0xa8 /tmp/ccTVzprP.debug.temp.o
                0x0000000000003b55                CpuDeadLoop.c.97d8a24e
 .debug_info    0x0000000000003bfd      0x313 /tmp/ccp4DK0h.debug.temp.o
                0x0000000000003bfd                DxeCcProbeLib.c.8741c3a5
 .debug_info    0x0000000000003f10     0x1749 /tmp/ccyb9Jr1.debug.temp.o
                0x0000000000003f10                UefiBootServicesTableLib.c.4d197d42
 .debug_info    0x0000000000005659     0x18d2 /tmp/ccc0lcOe.debug.temp.o
                0x0000000000005659                DriverEntryPoint.c.ac721538

.debug_abbrev   0x0000000000000000      0xbb4
 .debug_abbrev  0x0000000000000000       0xa9 /tmp/ccBndPkz.ltrans0.ltrans.o
 .debug_abbrev  0x00000000000000a9      0x280 /tmp/ccxfBaSQ.debug.temp.o
 .debug_abbrev  0x0000000000000329      0x262 /tmp/ccujwFlx.debug.temp.o
 .debug_abbrev  0x000000000000058b       0xa7 /tmp/cccER0Yw.debug.temp.o
 .debug_abbrev  0x0000000000000632       0x71 /tmp/ccTVzprP.debug.temp.o
 .debug_abbrev  0x00000000000006a3      0x114 /tmp/ccp4DK0h.debug.temp.o
 .debug_abbrev  0x00000000000007b7      0x1e0 /tmp/ccyb9Jr1.debug.temp.o
 .debug_abbrev  0x0000000000000997      0x21d /tmp/ccc0lcOe.debug.temp.o

.debug_loclists
                0x0000000000000000      0x588
 .debug_loclists
                0x0000000000000000      0x588 /tmp/ccBndPkz.ltrans0.ltrans.o

.debug_aranges  0x0000000000000000       0xb0
 .debug_aranges
                0x0000000000000000       0xb0 /tmp/ccBndPkz.ltrans0.ltrans.o

.debug_rnglists
                0x0000000000000000       0xae
 .debug_rnglists
                0x0000000000000000       0xae /tmp/ccBndPkz.ltrans0.ltrans.o

.debug_line     0x0000000000000000      0x943
 .debug_line    0x0000000000000000      0x631 /tmp/ccBndPkz.ltrans0.ltrans.o
 .debug_line    0x0000000000000631       0x89 /tmp/ccxfBaSQ.debug.temp.o
 .debug_line    0x00000000000006ba       0x85 /tmp/ccujwFlx.debug.temp.o
 .debug_line    0x000000000000073f       0x4c /tmp/cccER0Yw.debug.temp.o
 .debug_line    0x000000000000078b       0x4c /tmp/ccTVzprP.debug.temp.o
 .debug_line    0x00000000000007d7       0x63 /tmp/ccp4DK0h.debug.temp.o
 .debug_line    0x000000000000083a       0x7b /tmp/ccyb9Jr1.debug.temp.o
 .debug_line    0x00000000000008b5       0x8e /tmp/ccc0lcOe.debug.temp.o

.debug_str      0x0000000000000000     0x1e32
 .debug_str     0x0000000000000000     0x1e32 /tmp/ccBndPkz.ltrans0.ltrans.o
                                        0x1c5 (size before relaxing)
 .debug_str     0x0000000000001e32     0x165d /tmp/ccxfBaSQ.debug.temp.o
 .debug_str     0x0000000000001e32     0x186e /tmp/ccujwFlx.debug.temp.o
 .debug_str     0x0000000000001e32      0x268 /tmp/cccER0Yw.debug.temp.o
 .debug_str     0x0000000000001e32      0x23c /tmp/ccTVzprP.debug.temp.o
 .debug_str     0x0000000000001e32      0x4e3 /tmp/ccp4DK0h.debug.temp.o
 .debug_str     0x0000000000001e32     0x138c /tmp/ccyb9Jr1.debug.temp.o
 .debug_str     0x0000000000001e32     0x14e6 /tmp/ccc0lcOe.debug.temp.o

.debug_line_str
                0x0000000000000000      0x4a5
 .debug_line_str
                0x0000000000000000      0x4a5 /tmp/ccBndPkz.ltrans0.ltrans.o
                                        0x1e1 (size before relaxing)
 .debug_line_str
                0x00000000000004a5      0x232 /tmp/ccxfBaSQ.debug.temp.o
 .debug_line_str
                0x00000000000004a5      0x1e4 /tmp/ccujwFlx.debug.temp.o
 .debug_line_str
                0x00000000000004a5       0xc2 /tmp/cccER0Yw.debug.temp.o
 .debug_line_str
                0x00000000000004a5       0xca /tmp/ccTVzprP.debug.temp.o
 .debug_line_str
                0x00000000000004a5      0x134 /tmp/ccp4DK0h.debug.temp.o
 .debug_line_str
                0x00000000000004a5      0x1bf /tmp/ccyb9Jr1.debug.temp.o
 .debug_line_str
                0x00000000000004a5      0x202 /tmp/ccc0lcOe.debug.temp.o

.debug_frame    0x0000000000000000      0x150
 .debug_frame   0x0000000000000000      0x150 /tmp/ccBndPkz.ltrans0.ltrans.o
