OVMF/OvmfPkg/Sec/SecMain/SecMain.lib
OVMF/MdePkg/Library/RegisterFilterLibNull/ff/FilterLibNull.lib
OVMF/OvmfPkg/Library/AmdSvsmLib/ff/AmdSvsmLib.lib
OVMF/OvmfPkg/Library/CcExitLib/ff/SecCcExitLib.lib
OVMF/MdePkg/Library/TdxLib/ff/TdxLib.lib
OVMF/OvmfPkg/Library/CcProbeLib/ff/SecPeiCcProbeLib.lib
OVMF/OvmfPkg/Library/BaseMemEncryptSevLib/ff/SecMemEncryptSevLib.lib
OVMF/UefiCpuPkg/Library/BaseXApicX2ApicLib/ff/BaseXApicX2ApicLib.lib
OVMF/MdePkg/Library/BaseIoLibIntrinsic/ff/BaseIoLibIntrinsicSev.lib
OVMF/MdePkg/Library/BaseCpuLib/ff/BaseCpuLib.lib
OVMF/MdePkg/Library/BaseMemoryLibRepStr/ff/BaseMemoryLibRepStr.lib
OVMF/MdePkg/Library/BaseLib/ff/BaseLib.lib
OVMF/MdePkg/Library/BasePrintLib/ff/BasePrintLib.lib
OVMF/OvmfPkg/Library/PlatformDebugLibIoPort/ff/PlatformRomDebugLibIoPort.lib
OVMF/MdePkg/Library/BasePciCf8Lib/ff/BasePciCf8Lib.lib
OVMF/MdePkg/Library/BasePciLibCf8/ff/BasePciLibCf8.lib
OVMF/OvmfPkg/Library/AcpiTimerLib/ff/BaseRomAcpiTimerLib.lib
OVMF/CryptoPkg/Library/OpensslLib/ff/OpensslLibCrypto.lib
OVMF/CryptoPkg/Library/BaseCryptLib/ff/SecCryptLib.lib
OVMF/MdePkg/Library/BaseSynchronizationLib/ff/BaseSynchronizationLib.lib
OVMF/MdeModulePkg/Library/DebugAgentLibNull/ff/DebugAgentLibNull.lib
OVMF/MdePkg/Library/BaseSafeIntLib/ff/BaseSafeIntLib.lib
OVMF/MdePkg/Library/BasePeCoffExtraActionLibNull/ff/PeCoffExtraActionLibNull.lib
OVMF/PcAtChipsetPkg/Library/SerialIoLib/ff/PcAtSerialPortLib.lib
OVMF/MdePkg/Library/BasePeCoffGetEntryPointLib/ff/BasePeCoffGetEntryPointLib.lib
OVMF/MdePkg/Library/BaseExtractGuidedSectionLib/ff/BaseExtractGuidedSectionLib.lib
OVMF/OvmfPkg/IntelTdx/TdxMeasurementLib/ff/SecPeiTdxMeasurementLib.lib
OVMF/OvmfPkg/Library/TdxMailboxLib/ff/TdxMailboxLib.lib
OVMF/UefiCpuPkg/Library/CpuExceptionHandlerLib/ff/SecPeiCpuExceptionHandlerLib.lib
OVMF/UefiCpuPkg/Library/CpuPageTableLib/ff/CpuPageTableLib.lib
OVMF/MdePkg/Library/StackCheckLibNull/ff/StackCheckLibNull.lib
OVMF/MdeModulePkg/Library/LzmaCustomDecompressLib/ff/LzmaDecompressLib.lib
OVMF/OvmfPkg/IntelTdx/TdxHelperLib/ff/SecTdxHelperLib.lib
