OVMF/MdeModulePkg/Bus/Ata/AtaAtapiPassThru/ff/AtaAtapiPassThruDxe.lib
OVMF/MdePkg/Library/RegisterFilterLibNull/ff/FilterLibNull.lib
OVMF/MdePkg/Library/DxePcdLib/ff/DxePcdLib.lib
OVMF/MdePkg/Library/BaseLib/ff/BaseLib.lib
OVMF/MdePkg/Library/BaseMemoryLibRepStr/ff/BaseMemoryLibRepStr.lib
OVMF/MdePkg/Library/TdxLib/ff/TdxLib.lib
OVMF/MdePkg/Library/BaseDebugPrintErrorLevelLib/ff/BaseDebugPrintErrorLevelLib.lib
OVMF/MdePkg/Library/BasePrintLib/ff/BasePrintLib.lib
OVMF/MdePkg/Library/BaseIoLibIntrinsic/ff/BaseIoLibIntrinsicSev.lib
OVMF/OvmfPkg/Library/PlatformDebugLibIoPort/PlatformDebugLibIoPort/PlatformDebugLibIoPort.lib
OVMF/OvmfPkg/Library/CcProbeLib/DxeCcProbeLib/DxeCcProbeLib.lib
OVMF/MdePkg/Library/UefiBootServicesTableLib/ff/UefiBootServicesTableLib.lib
OVMF/MdePkg/Library/UefiMemoryAllocationLib/ff/UefiMemoryAllocationLib.lib
OVMF/MdePkg/Library/UefiRuntimeServicesTableLib/ff/UefiRuntimeServicesTableLib.lib
OVMF/MdePkg/Library/UefiDevicePathLibDevicePathProtocol/ff/UefiDevicePathLibDevicePathProtocol.lib
OVMF/MdePkg/Library/UefiLib/ff/UefiLib.lib
OVMF/MdePkg/Library/BasePciCf8Lib/ff/BasePciCf8Lib.lib
OVMF/MdePkg/Library/StackCheckLibNull/ff/StackCheckLibNull.lib
OVMF/MdePkg/Library/DxeHobLib/ff/DxeHobLib.lib
OVMF/MdePkg/Library/BasePciLibCf8/ff/BasePciLibCf8.lib
OVMF/MdePkg/Library/UefiDriverEntryPoint/ff/UefiDriverEntryPoint.lib
OVMF/OvmfPkg/Library/AcpiTimerLib/DxeAcpiTimerLib/DxeAcpiTimerLib.lib
OVMF/MdeModulePkg/Library/DxeReportStatusCodeLib/ff/DxeReportStatusCodeLib.lib